Left Hand    Right Hand Alternating
desegregated homophony  dismantlement
abracadabra  nonillion  authenticity
aftereffect  polyphony  enchantment
desegregate  homonymy   entitlement
exaggerated  Honolulu   proficiency
extraverted  lollipop   aneurysmal
resegregate  lollypop   antisocial
reverberate  Monopoly   Dickensian
abstracted   monopoly   Kamehameha
abstracter   nonunion   producible
aftertaste   Philippi   proficient
afterwards   Pilipino   Shenandoah
aggravated   polonium   skepticism
Artaxerxes   holmium    subproblem
asseverate   homonym    suspensory
Basseterre   jillion    Aleutians
Bradstreet   jollily    amendment
desecrater   jumpily    antitoxic
devastated   killjoy    antivirus
effervesce   kinkily    auditoria
exacerbate   Limpopo    authentic
exaggerate   lumpily    cockfight
segregated   million    dirigible
stagecraft   minimum    dismantle
statecraft   mullion    disorient
stewardess   nonoily    divisible
sweetbread   opinion    Dixieland
vertebrate   Phillip    dizygotic
watercraft   pillion    downright
watercress   pumpkin    dyspepsia
abscessed    hiphop     dyspeptic
addressee    holily     endowment
aftercare    homily     firmament
afterward    hominy     handiwork
aggravate    hookup     Malayalam
aggregate    johnny     Malaysian
arrearage    Joplin     Maldivian
attracted    Kikuyu     Mauritian
barefaced    kimono     orificial
beefeater    Kunlun     pantheism
castrater    limply     protozoan
cerebrate    linkup     provisory
crabgrass    minion     rhapsodic
Descartes    mukluk     sudorific
desecrate    muumuu     Theodoric
devastate    Nippon     tormentor
eastwards    oilily     Uruguayan
eggbeater    Philip     Vientiane
extravert    phyllo     Aleutian
federated    phylum     aneurism
gazetteer    pimply     aneurysm
readdress    pinion     antibody
rearwards    Pinyin     Antiguan
redbreast    pinyin     auditory
redresser    pinyon     blandish
regretter    pippin     bodywork
Sacagawea    plummy     Boeotian
sassafras    pokily     Buchanan
scattered    pompom     Burnsian
scatterer    pompon     busybody
segregate    poplin     busywork
staggered    pullup     chairman
staggerer    punily     chrismal
stargazer    punkin     clansman
steadfast    unholy     clemency
streetcar    unhook     corpsman
traverser    unlink     cyclamen
Tsvetaeva    uphill     dormancy
vertebrae    hilly      downtick
Watergate    hippo      downtown
westwards    hippy      downturn
Zacatecas    hokku      fiendish
abstract     hokum      fishbowl
acerbate     Holly      flamenco
affected     holly      Futurism
arrester     honky      futurism
artefact     hooky      futurity
asserter     hulky      Ghanaian
attester     hullo      handheld
baccarat     hunky      handmaid
Barabbas     Ilion      Langland
barrette     Ilium      Mahayana
barterer     ilium      maieutic
battered     imply      Malaysia
batterer     Jilin      mandible
bedstead     Jimmy      Menelaus
begetter     jimmy      Nanchang
bereaved     jinni      neighbor
beverage     jolly      nepenthe
braggart     jumpy      neuritic
Caesarea     junky      neuritis
carefree     khoum      neurosis
caresser     kinky      neurotic
Carreras     knoll      ornament
Cascades     kooky      penchant
cassette     Lippi      prorogue
castrate     lippy      prosodic
cataract     Lonny      protozoa
crevasse     loony      prurient
database     loopy      quantify
deadbeat     lumpy      quantity
deceased     lupin      rhapsody
decrease     lymph      rifleman
defeater     milky      Rightism
defecate     minim      rightism
deferrer     Molly      rigidity
degraded     molly      rigorism
degrader     mommy      rockfish
deserted     moony      rugosity
deserter     mummy      shamrock
deserved     Nihon      Shanghai
detecter     ninny      shanghai
dragster     nippy      sorority
dressage     nylon      syzygial
eastward     nymph      ticktock
excavate     onion      townsman
excesses     oomph      toxicity
execrate     opium      turndown
exegeses     phony      tutorial
federate     pinky      viridity
freebase     pinon      Visigoth
freeware     pinup      alembic
rearrest     Pliny      alright
rearward     plump      ambient
reassert     plumy      ancient
reassess     plunk      Antigua
recesses     polio      antique
recreate     Polly      apricot
Redgrave     polyp      audible
referrer     poppy      auditor
refreeze     pulpy      augment
resected     pupil      auricle
reserved     puppy      bicycle
reserves     pylon      Blanche
retarded     Union      Boeotia
retarder     union      buckeye
reverser     unpin      chaotic
reverter     Yukon      ciboria
revetted     yummy      clamant
scabbard     Yupik      clangor
seafarer     yuppy      Claudia
seawards     hill       Clemens
seawater     holy       Clement
seedcase     homy       clement
serrated     honk       Coblenz
setscrew     hook       corncob
sewerage     hoop       cornrow
sextette     Hopi       cowhand
staggers     hulk       Cowpens
stargaze     Hull       cubicle
steerage     hull       cuticle
stressed     hump       Dickens
tattered     hunk       divisor
terraced     hymn       dormant
tesserae     hypo       Dubuque
traverse     ikon       element
tweezers     inky       enchant
vegetate     inly       Enfield
vertebra     Ipoh       England
waterbed     Jill       entitle
westward     jinn       figment
