 v  v  v  v  v  v  v  v  v  v  v  v  v  v  v  v  v  v  v  v  v  v
vimvimvimvimvimvimvimvimvimvimvimvimvimvimvimvimvimvimvimvimvimvim
 m  m  m  m  m  m  m  m  m  m  m  m  m  m  m  m  m  m  m  m  m  m
 v  v  v  v  v  v  v  v  v  v  v  v  v  v  v  v  v  v  v  v  v  v
vimvimvimvimvimvimvimvimvimvimvimvimvimvimvimvimvimvimvimvimvimvim
 m  m  m  m  m  m  m  m  m  m  m  m  m  m  m  m  m  m  m  m  m  m
 v  v  v  v  v  v  v  v  v  v  v  v  v  v  v  v  v  v  v  v  v  v
vimvimvimvimvimvimvimvimvimvimvimvimvimvimvimvimvimvimvimvimvimvim
 m  m  m  m  m  m  m  m  m  m  m  m  m  m  m  m  m  m  m  m  m  m
 v  v  v  v  v  v  v  v  v  v  v  v  v  v  v  v  v  v  v  v  v  v
vimvimvimvimvimvimvimvimvimvimvimvimvimvimvimvimvimvimvimvimvimvim
 m  m  m  m  m  m  m  m  m  m  m  m  m  m  m  m  m  m  m  m  m  m
 v  v  v  v  v  v  v  v  v  v  v  v  v  v  v  v  v  v  v  v  v  v
vimvimvimvimvimvimvimvimvimvimvimvimvimvimvimvimvimvimvimvimvimvim
 m  m  m  m  m  m  m  m  m  m  m  m  m  m  m  m  m  m  m  m  m  m
 v  v  v  v  v  v  v  v  v  v  v  v  v  v  v  v  v  v  v  v  v  v
vimvimvimvimvimvimvimvimvimvimvimvimvimvimvimvimvimvimvimvimvimvim
 m  m  m  m  m  m  m  m  m  m  m  m  m  m  m  m  m  m  m  m  m  m
 v  v  v  v  v  v  v  v  v  v  v  v  v  v  v  v  v  v  v  v  v  v
vimvimvimvimvimvimvimvimvimvimvimvimvimvimvimvimvimvimvimvimvimvim
 m  m  m  m  m  m  m  m  m  m  m  m  m  m  m  m  m  m  m  m  m  m
